// Jest Snapshot v1, https://goo.gl/fbAQLP

exports[`EditListingDescriptionForm matches snapshot 1`] = `
<form
  action="/"
  className="root"
  method="post"
  onSubmit={[Function]}
>
  <div
    className="root title"
  >
    <label
      htmlFor="title"
    >
      EditListingDescriptionForm.title
    </label>
    <input
      autoFocus={true}
      className="input"
      id="title"
      maxLength={60}
      name="title"
      onBlur={[Function]}
      onChange={[Function]}
      onFocus={[Function]}
      placeholder="EditListingDescriptionForm.titlePlaceholder"
      type="text"
      value=""
    />
  </div>
  <div
    className="root description"
  >
    <label
      htmlFor="description"
    >
      EditListingDescriptionForm.description
    </label>
    <textarea
      className="input textarea"
      id="description"
      maxLength={5000}
      name="description"
      onBlur={[Function]}
      onChange={[Function]}
      onFocus={[Function]}
      placeholder="EditListingDescriptionForm.descriptionPlaceholder"
      rows={1}
      value=""
    />
  </div>
  <div
    className="root tiktok"
  >
    <label
      htmlFor="tiktok_video"
    >
      EditListingDescriptionForm.tiktok
    </label>
    <input
      className="input inputSuccess"
      id="tiktok_video"
      name="tiktok_video"
      onBlur={[Function]}
      onChange={[Function]}
      onFocus={[Function]}
      placeholder="EditListingDescriptionForm.tiktokPlaceholder"
      type="text"
      value=""
    />
  </div>
  <button
    className="root submitButton"
    disabled={true}
    type="submit"
  >
    Save description
  </button>
</form>
`;
